../Core/Src/main.c:167:17:ADC_BurstAverage	3
../Core/Src/main.c:181:5:main	1
../Core/Src/main.c:208:13:Calibrate_WCS1700	1
../Core/Src/main.c:228:14:Read_WCS1700_Current	3
../Core/Src/main.c:252:6:StartDefaultTask	1
../Core/Src/main.c:265:6:SensorTask	1
../Core/Src/main.c:278:6:PrintTask	2
../Core/Src/main.c:294:6:SystemClock_Config	3
../Core/Src/main.c:323:13:MX_ADC1_Init	3
../Core/Src/main.c:347:13:MX_USART2_UART_Init	2
../Core/Src/main.c:360:13:MX_GPIO_Init	1
../Core/Src/main.c:367:6:HAL_TIM_PeriodElapsedCallback	2
../Core/Src/main.c:372:6:Error_Handler	1
