../Core/Src/main.c:167:17:ADC_BurstAverage	56	static
../Core/Src/main.c:181:5:main	8	static
../Core/Src/main.c:208:13:Calibrate_WCS1700	24	static
../Core/Src/main.c:228:14:Read_WCS1700_Current	40	static
../Core/Src/main.c:252:6:StartDefaultTask	16	static
../Core/Src/main.c:265:6:SensorTask	24	static
../Core/Src/main.c:278:6:PrintTask	72	static
../Core/Src/main.c:294:6:SystemClock_Config	88	static
../Core/Src/main.c:323:13:MX_ADC1_Init	24	static
../Core/Src/main.c:347:13:MX_USART2_UART_Init	8	static
../Core/Src/main.c:360:13:MX_GPIO_Init	16	static
../Core/Src/main.c:367:6:HAL_TIM_PeriodElapsedCallback	16	static
../Core/Src/main.c:372:6:Error_Handler	4	static,ignoring_inline_asm
