../Core/Src/WinsonLib_STM32.c:12:6:WinsonLib_EnableDWT	4	static
../Core/Src/WinsonLib_STM32.c:23:10:WinsonLib_Micros	4	static
../Core/Src/WinsonLib_STM32.c:35:17:_CRC	24	static
../Core/Src/WinsonLib_STM32.c:53:16:_ADC_Read	48	static
../Core/Src/WinsonLib_STM32.c:71:6:WSerial_Init	16	static
../Core/Src/WinsonLib_STM32.c:79:6:WSerial_Begin	16	static
../Core/Src/WinsonLib_STM32.c:86:6:WSerial_ClearRxBuff	24	static
../Core/Src/WinsonLib_STM32.c:96:5:WSerial_Listen	24	static
../Core/Src/WinsonLib_STM32.c:118:6:WSerial_Write	32	static
../Core/Src/WinsonLib_STM32.c:132:9:WSerial_WriteModbus	80	static
../Core/Src/WinsonLib_STM32.c:203:6:WSerial_CheckComplete	16	static
../Core/Src/WinsonLib_STM32.c:208:6:WSerial_GetRxBuff	32	static
../Core/Src/WinsonLib_STM32.c:222:16:_ParseContinuous	88	static
../Core/Src/WinsonLib_STM32.c:260:6:WCM_Init	32	static
../Core/Src/WinsonLib_STM32.c:266:6:WCM_InitAddr	24	static
../Core/Src/WinsonLib_STM32.c:277:6:WCM_Begin	16	static
../Core/Src/WinsonLib_STM32.c:283:9:WCM_GetAddr	16	static
../Core/Src/WinsonLib_STM32.c:285:9:WCM_SignedCurrent	48	static
../Core/Src/WinsonLib_STM32.c:303:8:WCM_mA	32	static
../Core/Src/WinsonLib_STM32.c:309:8:WCM_A	16	static
../Core/Src/WinsonLib_STM32.c:311:6:WCM_Reset	16	static
../Core/Src/WinsonLib_STM32.c:320:8:WCM_mA_addr	32	static
../Core/Src/WinsonLib_STM32.c:326:8:WCM_A_addr	16	static
../Core/Src/WinsonLib_STM32.c:331:8:WCM_oC	16	static
../Core/Src/WinsonLib_STM32.c:332:8:WCM_oF	16	static
../Core/Src/WinsonLib_STM32.c:333:8:WCM_oF_addr	16	static
../Core/Src/WinsonLib_STM32.c:335:8:WCM_oC_addr	32	static
../Core/Src/WinsonLib_STM32.c:341:6:WCM_Reset_addr	32	static
../Core/Src/WinsonLib_STM32.c:347:6:WCM_SetAddress	16	static
../Core/Src/WinsonLib_STM32.c:356:6:WCM_SetAddressFull	32	static
../Core/Src/WinsonLib_STM32.c:363:6:WCM_FactoryReset	16	static
../Core/Src/WinsonLib_STM32.c:369:6:DWCS_Init	32	static
../Core/Src/WinsonLib_STM32.c:375:6:DWCS_InitAddr	24	static
../Core/Src/WinsonLib_STM32.c:386:6:DWCS_Begin	16	static
../Core/Src/WinsonLib_STM32.c:395:9:DWCS_GetAddr	16	static
../Core/Src/WinsonLib_STM32.c:397:16:_DWCS_ReadNormal	48	static
../Core/Src/WinsonLib_STM32.c:410:16:_DWCS_ReadPro	88	static
../Core/Src/WinsonLib_STM32.c:432:9:DWCS_SignedCurrent	40	static
../Core/Src/WinsonLib_STM32.c:443:8:DWCS_A	48	static
../Core/Src/WinsonLib_STM32.c:454:8:DWCS_mA	16	static
../Core/Src/WinsonLib_STM32.c:456:8:DWCS_oC	56	static
../Core/Src/WinsonLib_STM32.c:465:8:DWCS_oF	16	static
../Core/Src/WinsonLib_STM32.c:467:6:DWCS_DC	32	static
../Core/Src/WinsonLib_STM32.c:475:6:DWCS_AC	32	static
../Core/Src/WinsonLib_STM32.c:483:6:DWCS_Reset	32	static
../Core/Src/WinsonLib_STM32.c:507:8:DWCS_mA_addr	32	static
../Core/Src/WinsonLib_STM32.c:513:8:DWCS_A_addr	16	static
../Core/Src/WinsonLib_STM32.c:518:8:DWCS_oC_addr	32	static
../Core/Src/WinsonLib_STM32.c:524:8:DWCS_oF_addr	16	static
../Core/Src/WinsonLib_STM32.c:529:6:DWCS_Reset_addr	32	static
../Core/Src/WinsonLib_STM32.c:535:6:DWCS_DC_addr	32	static
../Core/Src/WinsonLib_STM32.c:541:6:DWCS_AC_addr	32	static
../Core/Src/WinsonLib_STM32.c:547:6:DWCS_SetAddress	16	static
../Core/Src/WinsonLib_STM32.c:556:6:DWCS_SetAddressFull	32	static
../Core/Src/WinsonLib_STM32.c:563:6:DWCS_FactoryReset	16	static
../Core/Src/WinsonLib_STM32.c:569:6:WCS_InitSingle	24	static
../Core/Src/WinsonLib_STM32.c:577:6:WCS_InitDifferential	24	static
../Core/Src/WinsonLib_STM32.c:588:13:_WCS_ReadBuffer	32	static
../Core/Src/WinsonLib_STM32.c:609:6:WCS_Reset	24	static
../Core/Src/WinsonLib_STM32.c:622:8:WCS_A_DC	32	static
../Core/Src/WinsonLib_STM32.c:642:8:WCS_A_AC	48	static
